
Windows 10 TIMT@NOHA MINGW64 ~/Desktop/Fullstack (main)
$ git init
Reinitialized existing Git repository in C:/Users/Windows 10 TIMT/Desktop/Fullstack/.git/

Windows 10 TIMT@NOHA MINGW64 ~/Desktop/Fullstack (main)
$ ls -a
 ./             'Bai lam BTVN 29032023.html'
 ../            'Bai lam bai tap HTML ngay 27032023.html'
 .git/           git-note.txt
 27032023.html   images/
 2903.html      'ngay 29032023BTVN_day_3.txt'
 29032023.html   stylesheet.css

Windows 10 TIMT@NOHA MINGW64 ~/Desktop/Fullstack (main)
$ git commit -m "fist commet"
On branch main

Initial commit

Untracked files:
  (use "git add <file>..." to include in what will be committed)
        27032023.html
        2903.html
        29032023.html
        Bai lam BTVN 29032023.html
        Bai lam bai tap HTML ngay 27032023.html
        git-note.txt
        images/
        ngay 29032023BTVN_day_3.txt
        stylesheet.css

nothing added to commit but untracked files present (use "git add" to track)

Windows 10 TIMT@NOHA MINGW64 ~/Desktop/Fullstack (main)
$ git remove add origin https://github.com/Noha6789/K12-fullstck.git
git: 'remove' is not a git command. See 'git --help'.

The most similar command is
        remote

Windows 10 TIMT@NOHA MINGW64 ~/Desktop/Fullstack (main)
$ git remote add origin https://github.com/Noha6789/K12-fullstck.git
error: remote origin already exists.

Windows 10 TIMT@NOHA MINGW64 ~/Desktop/Fullstack (main)
$ git add .
warning: in the working copy of '27032023.html', LF will be replaced by CRLF the
warning: in the working copy of 'Bai lam bai tap HTML ngay 27032023.html', LF wi
warning: in the working copy of 'git-note.txt', LF will be replaced by CRLF the
warning: in the working copy of 'ngay 29032023BTVN_day_3.txt', LF will be replac

Windows 10 TIMT@NOHA MINGW64 ~/Desktop/Fullstack (main)
$ git commit -m "test"
[main (root-commit) b50ebe9] test
 11 files changed, 352 insertions(+)
 create mode 100644 27032023.html
 create mode 100644 2903.html
 create mode 100644 29032023.html
 create mode 100644 Bai lam BTVN 29032023.html
 create mode 100644 Bai lam bai tap HTML ngay 27032023.html
 create mode 100644 git-note.txt
 create mode 100644 images/favicon.jpeg
 create mode 100644 images/hinhanhdep.jpeg
 create mode 100644 images/table.jpeg
 create mode 100644 ngay 29032023BTVN_day_3.txt
 create mode 100644 stylesheet.css

Windows 10 TIMT@NOHA MINGW64 ~/Desktop/Fullstack (main)
$ git push origin main
To https://github.com/Noha6789/K12-fullstack.git
 ! [rejected]        main -> main (fetch first)
error: failed to push some refs to 'https://github.com/Noha6789/K12-fullstack.gi
hint: Updates were rejected because the remote contains work that you do
hint: not have locally. This is usually caused by another repository pushing
hint: to the same ref. You may want to first integrate the remote changes
hint: (e.g., 'git pull ...') before pushing again.
hint: See the 'Note about fast-forwards' in 'git push --help' for details.

Windows 10 TIMT@NOHA MINGW64 ~/Desktop/Fullstack (main)
$ git pull
remote: Enumerating objects: 6, done.
remote: Counting objects: 100% (6/6), done.
remote: Compressing objects: 100% (5/5), done.
remote: Total 6 (delta 1), reused 0 (delta 0), pack-reused 0
Unpacking objects: 100% (6/6), 1.73 KiB | 38.00 KiB/s, done.
From https://github.com/Noha6789/K12-fullstack
 * [new branch]      main       -> origin/main
There is no tracking information for the current branch.
Please specify which branch you want to merge with.
See git-pull(1) for details.

    git pull <remote> <branch>

If you wish to set tracking information for this branch you can do so with:

    git branch --set-upstream-to=origin/<branch> main


Windows 10 TIMT@NOHA MINGW64 ~/Desktop/Fullstack (main)
$ git push origin main
To https://github.com/Noha6789/K12-fullstack.git
 ! [rejected]        main -> main (non-fast-forward)
error: failed to push some refs to 'https://github.com/Noha6789/K12-fullstack.gi
hint: Updates were rejected because the tip of your current branch is behind
hint: its remote counterpart. Integrate the remote changes (e.g.
hint: 'git pull ...') before pushing again.
hint: See the 'Note about fast-forwards' in 'git push --help' for details.

Windows 10 TIMT@NOHA MINGW64 ~/Desktop/Fullstack (main)
$ git push -f origin main
Enumerating objects: 14, done.
Counting objects: 100% (14/14), done.
Delta compression using up to 4 threads
Compressing objects: 100% (13/13), done.
Writing objects: 100% (14/14), 201.81 KiB | 10.62 MiB/s, done.
Total 14 (delta 2), reused 0 (delta 0), pack-reused 0
remote: Resolving deltas: 100% (2/2), done.
To https://github.com/Noha6789/K12-fullstack.git
 + 376b7bc...b50ebe9 main -> main (forced update)

Windows 10 TIMT@NOHA MINGW64 ~/Desktop/Fullstack (main)
$ git clone https://github.com/Noha6789/K12-fullstack.git
Cloning into 'K12-fullstack'...
remote: Enumerating objects: 14, done.
remote: Counting objects: 100% (14/14), done.
remote: Compressing objects: 100% (11/11), done.
remote: Total 14 (delta 2), reused 14 (delta 2), pack-reused 0
Receiving objects: 100% (14/14), 201.81 KiB | 7.76 MiB/s, done.
Resolving deltas: 100% (2/2), done.

Windows 10 TIMT@NOHA MINGW64 ~/Desktop/Fullstack (main)
